// Jest Snapshot v1, https://goo.gl/fbAQLP

exports[`ContactForm should render successfully 1`] = `
<body>
  <div>
    <div
      class=" inset-y-0 right-0 flex items-center pr-2 sm:static sm:inset-auto md:ml-6 sm:pr-0"
    >
      <div
        class="hidden lg:block"
      >
        <button
          class="justify-end text-xl font-semibold bg-transparent py-4 px-6 lg:px-12 navbutton rounded-full hover:bg-navyblue hover:text-white"
          type="button"
        >
          Contact Us
        </button>
      </div>
    </div>
  </div>
</body>
`;
