// Jest Snapshot v1, https://goo.gl/fbAQLP

exports[`LoginForm should render successfully 1`] = `
<body>
  <div>
    <div
      class="absolute inset-y-0 right-0 flex items-center pr-2 sm:static sm:inset-auto sm:ml-6 sm:pr-0"
    >
      <div
        class="hidden md:block"
      >
        <button
          class="flex justify-end text-xl font-medium bg-bgpink text-pink py-4 px-4 lg:px-8 navbutton rounded-full hover:text-white hover:bg-pink"
          type="button"
        >
          Sign In
        </button>
      </div>
    </div>
  </div>
</body>
`;
